---
source: tests/test_parser.rs
expression: output
input_file: tests/resources/parser_cases/valid_func_declarations.nz
---
Program {
    nodes: [
        Statement(
            FuncDeclaration(
                FuncDeclaration {
                    identifier: Identifier(
                        "foo",
                        Span {
                            start: Position {
                                offset: 7,
                                line: 0,
                                column: 7,
                            },
                            end: Position {
                                offset: 10,
                                line: 0,
                                column: 10,
                            },
                            file: FileId(
                                0,
                            ),
                        },
                    ),
                    paramemetrs: [
                        FuncParameter {
                            identifier: Identifier(
                                "bar",
                                Span {
                                    start: Position {
                                        offset: 11,
                                        line: 0,
                                        column: 11,
                                    },
                                    end: Position {
                                        offset: 14,
                                        line: 0,
                                        column: 14,
                                    },
                                    file: FileId(
                                        0,
                                    ),
                                },
                            ),
                            ty: Name(
                                "int",
                            ),
                            span: Span {
                                start: Position {
                                    offset: 11,
                                    line: 0,
                                    column: 11,
                                },
                                end: Position {
                                    offset: 14,
                                    line: 0,
                                    column: 14,
                                },
                                file: FileId(
                                    0,
                                ),
                            },
                        },
                        FuncParameter {
                            identifier: Identifier(
                                "baz",
                                Span {
                                    start: Position {
                                        offset: 23,
                                        line: 0,
                                        column: 23,
                                    },
                                    end: Position {
                                        offset: 26,
                                        line: 0,
                                        column: 26,
                                    },
                                    file: FileId(
                                        0,
                                    ),
                                },
                            ),
                            ty: Name(
                                "float",
                            ),
                            span: Span {
                                start: Position {
                                    offset: 23,
                                    line: 0,
                                    column: 23,
                                },
                                end: Position {
                                    offset: 26,
                                    line: 0,
                                    column: 26,
                                },
                                file: FileId(
                                    0,
                                ),
                            },
                        },
                    ],
                    body: Block {
                        nodes: [],
                        last_expression: Some(
                            Expression(
                                Infix(
                                    Identifier(
                                        "bar",
                                        Span {
                                            start: Position {
                                                offset: 50,
                                                line: 1,
                                                column: 2,
                                            },
                                            end: Position {
                                                offset: 53,
                                                line: 1,
                                                column: 5,
                                            },
                                            file: FileId(
                                                0,
                                            ),
                                        },
                                    ),
                                    Add,
                                    Identifier(
                                        "baz",
                                        Span {
                                            start: Position {
                                                offset: 56,
                                                line: 1,
                                                column: 8,
                                            },
                                            end: Position {
                                                offset: 59,
                                                line: 1,
                                                column: 11,
                                            },
                                            file: FileId(
                                                0,
                                            ),
                                        },
                                    ),
                                    Span {
                                        start: Position {
                                            offset: 50,
                                            line: 1,
                                            column: 2,
                                        },
                                        end: Position {
                                            offset: 53,
                                            line: 1,
                                            column: 5,
                                        },
                                        file: FileId(
                                            0,
                                        ),
                                    },
                                ),
                            ),
                        ),
                        span: Span {
                            start: Position {
                                offset: 46,
                                line: 0,
                                column: 46,
                            },
                            end: Position {
                                offset: 61,
                                line: 2,
                                column: 1,
                            },
                            file: FileId(
                                0,
                            ),
                        },
                    },
                    return_type: Some(
                        Name(
                            "float",
                        ),
                    ),
                    span: Span {
                        start: Position {
                            offset: 0,
                            line: 0,
                            column: 0,
                        },
                        end: Position {
                            offset: 3,
                            line: 0,
                            column: 3,
                        },
                        file: FileId(
                            0,
                        ),
                    },
                },
            ),
        ),
    ],
}
